// Jest Snapshot v1, https://goo.gl/fbAQLP

exports[`Loader: Snapshot 1`] = `
<div
  className="loader"
  data-testid="loader"
>
  Loading...
</div>
`;
