// Jest Snapshot v1, https://goo.gl/fbAQLP

exports[`Home : Snapshot 1`] = `
<div
  className="search-container"
>
  <div
    className="search-bar"
  >
    <input
      onChange={[Function]}
      placeholder="Search for a product"
      type="text"
      value=""
    />
  </div>
</div>
`;
